{
  "resource": {
    "marathon_app": {
      "multi-app": {
        "app_id": "/multi-app-foobar-ident",
        "container": [
          {
            "docker": [
              {
                "image": "python:3",
                "network": "BRIDGE",
                "parameters": {
                  "parameter": [
                    {
                      "key": "entrypoint",
                      "value": "/mnt/mesos/sandbox/entrypoint.${count.index * 3 + 1}.sh"
                    }
                  ]
                },
                "port_mappings": {
                  "port_mapping": [
                    {
                      "container_port": 56789,
                      "host_port": 0,
                      "protocol": "tcp"
                    }
                  ]
                }
              },
              {
                "image": "ubuntu:14.04",
                "network": "BRIDGE",
                "parameters": {
                  "parameter": [
                    {
                      "key": "entrypoint",
                      "value": "/mnt/mesos/sandbox/entrypoint.${count.index * 3 + 2}.sh"
                    }
                  ]
                },
                "port_mappings": {
                  "port_mapping": [
                    {
                      "container_port": 56789,
                      "host_port": 0,
                      "protocol": "tcp"
                    }
                  ]
                }
              },
              {
                "image": "centos:7",
                "network": "BRIDGE",
                "parameters": {
                  "parameter": [
                    {
                      "key": "entrypoint",
                      "value": "/mnt/mesos/sandbox/entrypoint.${count.index * 3 + 3}.sh"
                    }
                  ]
                },
                "port_mappings": {
                  "port_mapping": [
                    {
                      "container_port": 56789,
                      "host_port": 0,
                      "protocol": "tcp"
                    }
                  ]
                }
              }
            ]
          }
        ],
        "count": 1,
        "cpus": 2,
        "env": {
          "KODING_KLIENT_URL": "$KLIENT_URL",
          "KODING_METADATA_1": "...",
          "KODING_METADATA_2": "...",
          "KODING_METADATA_3": "..."
        },
        "fetch": [
          {
            "cache": false,
            "executable": false,
            "uri": "$SCREEN_URL"
          },
          {
            "cache": true,
            "executable": false,
            "uri": "$CERT_URL"
          },
          {
            "cache": false,
            "executable": false,
            "uri": "$KLIENT_URL"
          },
          {
            "cache": false,
            "executable": true,
            "uri": "$ENTRYPOINT_URL/entrypoint.1.sh"
          },
          {
            "cache": false,
            "executable": true,
            "uri": "$ENTRYPOINT_URL/entrypoint.2.sh"
          },
          {
            "cache": false,
            "executable": true,
            "uri": "$ENTRYPOINT_URL/entrypoint.3.sh"
          }
        ],
        "mem": 128,
        "ports": [
          0,
          0,
          0
        ]
      }
    }
  }
}
