Files: 2, Size 0
Files: 2, Size 220
Files: 3, Size 220
Files: 3, Size 3857
Files: 4, Size 3857
Files: 4, Size 4532
Files: 6, Size 4532
Files: 9, Size 4532
Files: 9, Size 70068
Files: 10, Size 70068
Files: 10, Size 135604
Files: 12, Size 135604
Files: 12, Size 136002
Files: 14, Size 136002
Files: 14, Size 137017
Files: 15, Size 137017
Files: 15, Size 137376
Files: 16, Size 137376
Files: 16, Size 137678
Files: 17, Size 137678
Files: 17, Size 138768
Files: 18, Size 138768
Files: 18, Size 139917
Files: 19, Size 139917
Files: 19, Size 140259
Files: 20, Size 140259
Files: 20, Size 140538
Files: 21, Size 140538
Files: 21, Size 141404
Files: 22, Size 141404
Files: 22, Size 143508
Files: 23, Size 143508
Files: 23, Size 148150
Files: 24, Size 148150
Files: 24, Size 150240
Files: 25, Size 150240
Files: 25, Size 152959
Files: 26, Size 152959
Files: 26, Size 155685
Files: 27, Size 155685
Files: 27, Size 157771
Files: 28, Size 157771
Files: 28, Size 162122
Files: 29, Size 162122
Files: 29, Size 163077
Files: 30, Size 163077
Files: 30, Size 163980
Files: 31, Size 163980
Files: 31, Size 164501
Files: 32, Size 164501
Files: 32, Size 168599
Files: 33, Size 168599
Files: 33, Size 171254
Files: 34, Size 171254
Files: 34, Size 172480
Files: 35, Size 172480
Files: 35, Size 174953
Files: 36, Size 174953
Files: 36, Size 180420
Files: 37, Size 180420
Files: 37, Size 183922
Files: 38, Size 183922
Files: 38, Size 184751
Files: 39, Size 184751
Files: 39, Size 186181
Files: 40, Size 186181
Files: 40, Size 188481
Files: 41, Size 188481
Files: 41, Size 189427
Files: 42, Size 189427
Files: 42, Size 189828
Files: 43, Size 189828
Files: 43, Size 213372
Files: 44, Size 213372
Files: 44, Size 213910
Files: 45, Size 213910
Files: 45, Size 221138
Files: 46, Size 221138
Files: 46, Size 231746
Files: 47, Size 231746
Files: 47, Size 240680
Files: 48, Size 240680
Files: 48, Size 250269
Files: 49, Size 250269
Files: 49, Size 253153
Files: 50, Size 253153
Files: 50, Size 254074
Files: 51, Size 254074
Files: 51, Size 257838
Files: 52, Size 257838
Files: 52, Size 260869
Files: 53, Size 260869
Files: 53, Size 264545
Files: 54, Size 264545
Files: 54, Size 268858
Files: 55, Size 268858
Files: 55, Size 273013
Files: 56, Size 273013
Files: 56, Size 275900
Files: 57, Size 275900
Files: 57, Size 285107
Files: 58, Size 285107
Files: 58, Size 290326
Files: 59, Size 290326
Files: 59, Size 293016
Files: 60, Size 293016
Files: 60, Size 304534
Files: 61, Size 304534
Files: 61, Size 307421
Files: 62, Size 307421
Files: 62, Size 312509
Files: 63, Size 312509
Files: 63, Size 315878
Files: 64, Size 315878
Files: 64, Size 332305
Files: 65, Size 332305
Files: 65, Size 334034
Files: 66, Size 334034
Files: 66, Size 336818
Files: 67, Size 336818
Files: 67, Size 337574
Files: 68, Size 337574
Files: 68, Size 338581
Files: 69, Size 338581
Files: 69, Size 349186
Files: 70, Size 349186
Files: 70, Size 349662
Files: 71, Size 349662
Files: 71, Size 352137
Files: 72, Size 352137
Files: 72, Size 352886
Files: 73, Size 352886
Files: 73, Size 354145
Files: 74, Size 354145
Files: 74, Size 357834
Files: 76, Size 357834
Files: 76, Size 357857
Files: 77, Size 357857
Files: 77, Size 358121
Files: 78, Size 358121
Files: 78, Size 358194
Files: 79, Size 358194
Files: 79, Size 363314
Files: 80, Size 363314
Files: 80, Size 363730
Files: 83, Size 363730
Files: 83, Size 364182
Files: 84, Size 364182
Files: 84, Size 365078
Files: 85, Size 365078
Files: 85, Size 365267
Files: 86, Size 365267
Files: 86, Size 365665
Files: 87, Size 365665
Files: 87, Size 367307
Files: 88, Size 367307
Files: 88, Size 368659
Files: 89, Size 368659
Files: 89, Size 373557
Files: 90, Size 373557
Files: 90, Size 374796
Files: 91, Size 374796
Files: 91, Size 378407
Files: 93, Size 378407
Files: 93, Size 378647
Files: 95, Size 378647
Files: 95, Size 378828
Files: 98, Size 378828
Files: 98, Size 379009
Files: 101, Size 379009
Files: 101, Size 379190
Files: 105, Size 379190
Files: 105, Size 412457
Files: 105, Size 443374
Files: 106, Size 443374
Files: 106, Size 477072
Files: 106, Size 529451
Files: 106, Size 579199
Files: 106, Size 628593
Files: 106, Size 682097
Files: 106, Size 731609
Files: 106, Size 781551
Files: 106, Size 832581
Files: 106, Size 883954
Files: 106, Size 935716
Files: 106, Size 986934
Files: 106, Size 1038735
Files: 106, Size 1099870
Files: 109, Size 1099870
Files: 109, Size 1099911
Files: 112, Size 1099911
Files: 112, Size 1099943
Files: 115, Size 1099943
Files: 115, Size 1102777
