{
  "resource": {
    "softlayer_virtual_guest": {
      "test": {
        "cpu": 1,
        "domain": "koding.com",
        "hourly_billing": true,
        "image": "UBUNTU_14_64",
        "local_disk": true,
        "name": "test",
        "public_network_speed": 10,
        "ram": 1024,
        "region": "dal09",
        "ssh_keys": [
          12345
        ],
        "user_data": "***"
      }
    }
  }
}
